Traceback (most recent call last):
  File "/opt/hostedtoolcache/Python/3.11.16/x64/lib/python3.11/site-packages/jupyter_cache/executors/utils.py", line 58, in single_nb_execution
    executenb(
  File "/opt/hostedtoolcache/Python/3.11.16/x64/lib/python3.11/site-packages/nbclient/client.py", line 1323, in execute
    return NotebookClient(nb=nb, resources=resources, km=km, **kwargs).execute()
           ^^^^^^^^^^^^^^^^^^^^^^^^^^^^^^^^^^^^^^^^^^^^^^^^^^^^^^^^^^^^^^^^^^^^^
  File "/opt/hostedtoolcache/Python/3.11.16/x64/lib/python3.11/site-packages/jupyter_core/utils/__init__.py", line 165, in wrapped
    return loop.run_until_complete(inner)
           ^^^^^^^^^^^^^^^^^^^^^^^^^^^^^^
  File "/opt/hostedtoolcache/Python/3.11.16/x64/lib/python3.11/asyncio/base_events.py", line 654, in run_until_complete
    return future.result()
           ^^^^^^^^^^^^^^^
  File "/opt/hostedtoolcache/Python/3.11.16/x64/lib/python3.11/site-packages/nbclient/client.py", line 709, in async_execute
    await self.async_execute_cell(
  File "/opt/hostedtoolcache/Python/3.11.16/x64/lib/python3.11/site-packages/nbclient/client.py", line 1062, in async_execute_cell
    await self._check_raise_for_error(cell, cell_index, exec_reply)
  File "/opt/hostedtoolcache/Python/3.11.16/x64/lib/python3.11/site-packages/nbclient/client.py", line 918, in _check_raise_for_error
    raise CellExecutionError.from_cell_and_msg(cell, exec_reply_content)
nbclient.exceptions.CellExecutionError: An error occurred while executing the following cell:
------------------
# load the painting: Kandinsky's Gelb-Rot-Blau (1925), public domain
from PIL import Image

painting = np.asarray(Image.open("../assets/images/kandinsky_yellow_red_blue.jpg")) / 255
height, width = painting.shape[:2]

plt.figure(figsize=(8, 5))
plt.imshow(painting)
plt.axis("off")
plt.show()
print("painting array:", painting.shape)
------------------


[31m---------------------------------------------------------------------------[39m
[31mFileNotFoundError[39m                         Traceback (most recent call last)
[36mCell[39m[36m [39m[32mIn[5][39m[32m, line 4[39m
[32m      1[39m [38;5;66;03m# load the painting: Kandinsky's Gelb-Rot-Blau (1925), public domain[39;00m
[32m      2[39m [38;5;28;01mfrom[39;00m PIL [38;5;28;01mimport[39;00m Image
[32m      3[39m 
[32m----> [39m[32m4[39m painting = np.asarray(Image.open([33m"../assets/images/kandinsky_yellow_red_blue.jpg"[39m)) / [32m255[39m
[32m      5[39m height, width = painting.shape[:[32m2[39m]
[32m      6[39m 
[32m      7[39m plt.figure(figsize=([32m8[39m, [32m5[39m))

[36mFile [39m[32m/opt/hostedtoolcache/Python/3.11.16/x64/lib/python3.11/site-packages/PIL/Image.py:3639[39m, in [36mopen[39m[34m(fp, mode, formats)[39m
[32m   3637[39m [38;5;28;01mif[39;00m is_path(fp):
[32m   3638[39m     filename = os.fspath(fp)
[32m-> [39m[32m3639[39m     fp = [30;43mbuiltins[39;49m[30;43m.[39;49m[30;43mopen[39;49m[30;43m([39;49m[30;43mfilename[39;49m[30;43m,[39;49m[30;43m [39;49m[30;43m"[39;49m[30;43mrb[39;49m[30;43m"[39;49m[30;43m)[39;49m
[32m   3640[39m     exclusive_fp = [38;5;28;01mTrue[39;00m
[32m   3641[39m [38;5;28;01melse[39;00m:

[31mFileNotFoundError[39m: [Errno 2] No such file or directory: '../assets/images/kandinsky_yellow_red_blue.jpg'

